com\simulation\prng\controllers\algorithms\CMMController.class
com\simulation\prng\controllers\algorithms\ACGController.class
com\simulation\prng\controllers\tests\testsController$TestResult.class
com\simulation\prng\controllers\algorithms\LCGController.class
com\simulation\prng\controllers\tests\testsController.class
com\simulation\prng\utils\TaskFactory$1.class
com\simulation\prng\utils\Pattern.class
com\simulation\prng\controllers\algorithms\MSMController.class
com\simulation\prng\models\LCG.class
module-info.class
com\simulation\prng\utils\Validator.class
com\simulation\prng\utils\templates\AlgorithmTemplate.class
com\simulation\prng\utils\AlertHandler.class
com\simulation\prng\utils\TaskFactory.class
com\simulation\prng\models\MPM.class
com\simulation\prng\models\MSM.class
com\simulation\prng\controllers\algorithms\BBSController.class
com\simulation\prng\controllers\Controller.class
com\simulation\prng\models\QCG.class
com\simulation\prng\models\CMM.class
com\simulation\prng\models\BBS.class
com\simulation\prng\controllers\algorithms\QCGController.class
com\simulation\prng\models\ACG.class
com\simulation\prng\Launcher.class
com\simulation\prng\models\MCG.class
com\simulation\prng\Application.class
com\simulation\prng\utils\ControllerStructure.class
com\simulation\prng\utils\Form.class
com\simulation\prng\controllers\algorithms\MCGController.class
com\simulation\prng\utils\templates\ControllerTemplate.class
com\simulation\prng\controllers\algorithms\MPMController.class
