C:\Users\jmy_z\OneDrive\Documentos\Documentos escolares\quinto semestre\simulacion\prng\prng\src\main\java\com\simulation\prng\Application.java
C:\Users\jmy_z\OneDrive\Documentos\Documentos escolares\quinto semestre\simulacion\prng\prng\src\main\java\com\simulation\prng\controllers\algorithms\ACGController.java
C:\Users\jmy_z\OneDrive\Documentos\Documentos escolares\quinto semestre\simulacion\prng\prng\src\main\java\com\simulation\prng\controllers\algorithms\BBSController.java
C:\Users\jmy_z\OneDrive\Documentos\Documentos escolares\quinto semestre\simulacion\prng\prng\src\main\java\com\simulation\prng\controllers\algorithms\CMMController.java
C:\Users\jmy_z\OneDrive\Documentos\Documentos escolares\quinto semestre\simulacion\prng\prng\src\main\java\com\simulation\prng\controllers\algorithms\LCGController.java
C:\Users\jmy_z\OneDrive\Documentos\Documentos escolares\quinto semestre\simulacion\prng\prng\src\main\java\com\simulation\prng\controllers\algorithms\MCGController.java
C:\Users\jmy_z\OneDrive\Documentos\Documentos escolares\quinto semestre\simulacion\prng\prng\src\main\java\com\simulation\prng\controllers\algorithms\MPMController.java
C:\Users\jmy_z\OneDrive\Documentos\Documentos escolares\quinto semestre\simulacion\prng\prng\src\main\java\com\simulation\prng\controllers\algorithms\MSMController.java
C:\Users\jmy_z\OneDrive\Documentos\Documentos escolares\quinto semestre\simulacion\prng\prng\src\main\java\com\simulation\prng\controllers\algorithms\QCGController.java
C:\Users\jmy_z\OneDrive\Documentos\Documentos escolares\quinto semestre\simulacion\prng\prng\src\main\java\com\simulation\prng\controllers\Controller.java
C:\Users\jmy_z\OneDrive\Documentos\Documentos escolares\quinto semestre\simulacion\prng\prng\src\main\java\com\simulation\prng\controllers\tests\testsController.java
C:\Users\jmy_z\OneDrive\Documentos\Documentos escolares\quinto semestre\simulacion\prng\prng\src\main\java\com\simulation\prng\Launcher.java
C:\Users\jmy_z\OneDrive\Documentos\Documentos escolares\quinto semestre\simulacion\prng\prng\src\main\java\com\simulation\prng\models\ACG.java
C:\Users\jmy_z\OneDrive\Documentos\Documentos escolares\quinto semestre\simulacion\prng\prng\src\main\java\com\simulation\prng\models\BBS.java
C:\Users\jmy_z\OneDrive\Documentos\Documentos escolares\quinto semestre\simulacion\prng\prng\src\main\java\com\simulation\prng\models\CMM.java
C:\Users\jmy_z\OneDrive\Documentos\Documentos escolares\quinto semestre\simulacion\prng\prng\src\main\java\com\simulation\prng\models\LCG.java
C:\Users\jmy_z\OneDrive\Documentos\Documentos escolares\quinto semestre\simulacion\prng\prng\src\main\java\com\simulation\prng\models\MCG.java
C:\Users\jmy_z\OneDrive\Documentos\Documentos escolares\quinto semestre\simulacion\prng\prng\src\main\java\com\simulation\prng\models\MPM.java
C:\Users\jmy_z\OneDrive\Documentos\Documentos escolares\quinto semestre\simulacion\prng\prng\src\main\java\com\simulation\prng\models\MSM.java
C:\Users\jmy_z\OneDrive\Documentos\Documentos escolares\quinto semestre\simulacion\prng\prng\src\main\java\com\simulation\prng\models\QCG.java
C:\Users\jmy_z\OneDrive\Documentos\Documentos escolares\quinto semestre\simulacion\prng\prng\src\main\java\com\simulation\prng\utils\AlertHandler.java
C:\Users\jmy_z\OneDrive\Documentos\Documentos escolares\quinto semestre\simulacion\prng\prng\src\main\java\com\simulation\prng\utils\ControllerStructure.java
C:\Users\jmy_z\OneDrive\Documentos\Documentos escolares\quinto semestre\simulacion\prng\prng\src\main\java\com\simulation\prng\utils\Form.java
C:\Users\jmy_z\OneDrive\Documentos\Documentos escolares\quinto semestre\simulacion\prng\prng\src\main\java\com\simulation\prng\utils\Pattern.java
C:\Users\jmy_z\OneDrive\Documentos\Documentos escolares\quinto semestre\simulacion\prng\prng\src\main\java\com\simulation\prng\utils\TaskFactory.java
C:\Users\jmy_z\OneDrive\Documentos\Documentos escolares\quinto semestre\simulacion\prng\prng\src\main\java\com\simulation\prng\utils\templates\AlgorithmTemplate.java
C:\Users\jmy_z\OneDrive\Documentos\Documentos escolares\quinto semestre\simulacion\prng\prng\src\main\java\com\simulation\prng\utils\templates\ControllerTemplate.java
C:\Users\jmy_z\OneDrive\Documentos\Documentos escolares\quinto semestre\simulacion\prng\prng\src\main\java\com\simulation\prng\utils\Validator.java
C:\Users\jmy_z\OneDrive\Documentos\Documentos escolares\quinto semestre\simulacion\prng\prng\src\main\java\module-info.java
